---
source: src/event_store.rs
expression: wembley_events_as_json
---
"[{\"date\":\"23 Jun 2024\",\"time\":\"17:30:00\",\"place\":\"Wembley Stadium\",\"title\":\"Taylor Swift | The Eras Tour\",\"description\":\"Experience Taylor Swift's spectacular Eras Tour at Wembley Stadium. This incredible show spans her entire career.\",\"link\":\"https://www.ticketmaster.co.uk/taylor-swift-the-eras-tour-london-23-06-2024/event/1F005E6DD3265C6B\"},{\"date\":\"25 Jul 2024\",\"time\":\"19:00:00\",\"place\":\"Wembley Stadium\",\"title\":\"Ed Sheeran\",\"description\":\"Ed Sheeran live at Wembley Stadium\",\"link\":\"https://www.ticketmaster.co.uk/ed-sheeran-london-25-07-2024/event/1F005E6DD3265C6C\"}]"
