---
source: src/event_store.rs
assertion_line: 105
expression: calendar_built_from_events

---
Calendar {
    properties: [],
    components: [
        Event(
            Event {
                inner: InnerComponent {
                    properties: {
                        "DESCRIPTION": Property {
                            key: "DESCRIPTION",
                            val: "Multi-platinum recording artist Harry Styles announces the rescheduled dates for his world tour, in addition to new shows added across the globe. Styles will kick off his colossal 32-city outing...",
                            params: {},
                        },
                        "DTEND": Property {
                            key: "DTEND",
                            val: "20220619",
                            params: {
                                "VALUE": Parameter {
                                    key: "VALUE",
                                    val: "DATE",
                                },
                            },
                        },
                        "DTSTART": Property {
                            key: "DTSTART",
                            val: "20220619",
                            params: {
                                "VALUE": Parameter {
                                    key: "VALUE",
                                    val: "DATE",
                                },
                            },
                        },
                        "SUMMARY": Property {
                            key: "SUMMARY",
                            val: "Harry Styles",
                            params: {},
                        },
                    },
                    multi_properties: [],
                },
            },
        ),
        Event(
            Event {
                inner: InnerComponent {
                    properties: {
                        "DESCRIPTION": Property {
                            key: "DESCRIPTION",
                            val: "Capital's Summertime Ball",
                            params: {},
                        },
                        "DTEND": Property {
                            key: "DTEND",
                            val: "20220612",
                            params: {
                                "VALUE": Parameter {
                                    key: "VALUE",
                                    val: "DATE",
                                },
                            },
                        },
                        "DTSTART": Property {
                            key: "DTSTART",
                            val: "20220612",
                            params: {
                                "VALUE": Parameter {
                                    key: "VALUE",
                                    val: "DATE",
                                },
                            },
                        },
                        "SUMMARY": Property {
                            key: "SUMMARY",
                            val: "David Guetta @ Wembley Stadium",
                            params: {},
                        },
                    },
                    multi_properties: [],
                },
            },
        ),
        Event(
            Event {
                inner: InnerComponent {
                    properties: {
                        "DESCRIPTION": Property {
                            key: "DESCRIPTION",
                            val: "Join BOXPARK Wembley and their resident DJ's for all things soulful",
                            params: {},
                        },
                        "DTEND": Property {
                            key: "DTEND",
                            val: "20220605",
                            params: {
                                "VALUE": Parameter {
                                    key: "VALUE",
                                    val: "DATE",
                                },
                            },
                        },
                        "DTSTART": Property {
                            key: "DTSTART",
                            val: "20220605",
                            params: {
                                "VALUE": Parameter {
                                    key: "VALUE",
                                    val: "DATE",
                                },
                            },
                        },
                        "SUMMARY": Property {
                            key: "SUMMARY",
                            val: "Soulful Sundays",
                            params: {},
                        },
                    },
                    multi_properties: [],
                },
            },
        ),
        Event(
            Event {
                inner: InnerComponent {
                    properties: {
                        "DESCRIPTION": Property {
                            key: "DESCRIPTION",
                            val: "span Ed Sheeran has announced the first leg of his ‘+ - = ÷ x Tour’ (pronounced ‘The Mathematics Tour’) , taking place in stadiums throughout 2022. Kicking off in April next year, the tour will...",
                            params: {},
                        },
                        "DTEND": Property {
                            key: "DTEND",
                            val: "20220629",
                            params: {
                                "VALUE": Parameter {
                                    key: "VALUE",
                                    val: "DATE",
                                },
                            },
                        },
                        "DTSTART": Property {
                            key: "DTSTART",
                            val: "20220629",
                            params: {
                                "VALUE": Parameter {
                                    key: "VALUE",
                                    val: "DATE",
                                },
                            },
                        },
                        "SUMMARY": Property {
                            key: "SUMMARY",
                            val: "Ed Sheeran @ Wembley Stadium",
                            params: {},
                        },
                    },
                    multi_properties: [],
                },
            },
        ),
        Event(
            Event {
                inner: InnerComponent {
                    properties: {
                        "DESCRIPTION": Property {
                            key: "DESCRIPTION",
                            val: "span Ed Sheeran has announced the first leg of his ‘+ - = ÷ x Tour’ (pronounced ‘The Mathematics Tour’) , taking place in stadiums throughout 2022. Kicking off in April next year, the tour will...",
                            params: {},
                        },
                        "DTEND": Property {
                            key: "DTEND",
                            val: "20220625",
                            params: {
                                "VALUE": Parameter {
                                    key: "VALUE",
                                    val: "DATE",
                                },
                            },
                        },
                        "DTSTART": Property {
                            key: "DTSTART",
                            val: "20220625",
                            params: {
                                "VALUE": Parameter {
                                    key: "VALUE",
                                    val: "DATE",
                                },
                            },
                        },
                        "SUMMARY": Property {
                            key: "SUMMARY",
                            val: "Dylan @ Wembley Stadium",
                            params: {},
                        },
                    },
                    multi_properties: [],
                },
            },
        ),
        Event(
            Event {
                inner: InnerComponent {
                    properties: {
                        "DESCRIPTION": Property {
                            key: "DESCRIPTION",
                            val: "Global super pop rock band Coldplay will be hitting the road on tour in 2022 and will be performing live on stage in their Music of the Spheres World Tour ! This particular live concert is...",
                            params: {},
                        },
                        "DTEND": Property {
                            key: "DTEND",
                            val: "20220816",
                            params: {
                                "VALUE": Parameter {
                                    key: "VALUE",
                                    val: "DATE",
                                },
                            },
                        },
                        "DTSTART": Property {
                            key: "DTSTART",
                            val: "20220816",
                            params: {
                                "VALUE": Parameter {
                                    key: "VALUE",
                                    val: "DATE",
                                },
                            },
                        },
                        "SUMMARY": Property {
                            key: "SUMMARY",
                            val: "Coldplay @ Wembley Stadium",
                            params: {},
                        },
                    },
                    multi_properties: [],
                },
            },
        ),
        Event(
            Event {
                inner: InnerComponent {
                    properties: {
                        "DESCRIPTION": Property {
                            key: "DESCRIPTION",
                            val: "Ed Sheeran Seated Ticket & Hotel Experience This Experience Includes: • Reserved Seated Ticket (Block 104 or 141) Tickets seated together • One night hotel stay including complimentary breakfast •...",
                            params: {},
                        },
                        "DTEND": Property {
                            key: "DTEND",
                            val: "20220624",
                            params: {
                                "VALUE": Parameter {
                                    key: "VALUE",
                                    val: "DATE",
                                },
                            },
                        },
                        "DTSTART": Property {
                            key: "DTSTART",
                            val: "20220624",
                            params: {
                                "VALUE": Parameter {
                                    key: "VALUE",
                                    val: "DATE",
                                },
                            },
                        },
                        "SUMMARY": Property {
                            key: "SUMMARY",
                            val: "Ed Sheeran + - = ÷ x Tour",
                            params: {},
                        },
                    },
                    multi_properties: [],
                },
            },
        ),
        Event(
            Event {
                inner: InnerComponent {
                    properties: {
                        "DESCRIPTION": Property {
                            key: "DESCRIPTION",
                            val: "Global super pop rock band Coldplay will be hitting the road on tour in 2022 and will be performing live on stage in their Music of the Spheres World Tour ! This particular live concert is...",
                            params: {},
                        },
                        "DTEND": Property {
                            key: "DTEND",
                            val: "20220820",
                            params: {
                                "VALUE": Parameter {
                                    key: "VALUE",
                                    val: "DATE",
                                },
                            },
                        },
                        "DTSTART": Property {
                            key: "DTSTART",
                            val: "20220820",
                            params: {
                                "VALUE": Parameter {
                                    key: "VALUE",
                                    val: "DATE",
                                },
                            },
                        },
                        "SUMMARY": Property {
                            key: "SUMMARY",
                            val: "Coldplay: Music of the Spheres World Tour",
                            params: {},
                        },
                    },
                    multi_properties: [],
                },
            },
        ),
        Event(
            Event {
                inner: InnerComponent {
                    properties: {
                        "DESCRIPTION": Property {
                            key: "DESCRIPTION",
                            val: "Jubin Nautiyal at OVO Arena Wembley in Wembley Park",
                            params: {},
                        },
                        "DTEND": Property {
                            key: "DTEND",
                            val: "20220626",
                            params: {
                                "VALUE": Parameter {
                                    key: "VALUE",
                                    val: "DATE",
                                },
                            },
                        },
                        "DTSTART": Property {
                            key: "DTSTART",
                            val: "20220626",
                            params: {
                                "VALUE": Parameter {
                                    key: "VALUE",
                                    val: "DATE",
                                },
                            },
                        },
                        "SUMMARY": Property {
                            key: "SUMMARY",
                            val: "Jubin Nautiyal - RESCHEDULED",
                            params: {},
                        },
                    },
                    multi_properties: [],
                },
            },
        ),
        Event(
            Event {
                inner: InnerComponent {
                    properties: {
                        "DESCRIPTION": Property {
                            key: "DESCRIPTION",
                            val: "SJM Concerts 50 CENT FRI, 10 JUN 2022 at 07:30PM BST Doors Open: 06:00PM OnSale: Fri, 28 Jan 2022 at 09:30AM GMT Announcement: Wed, 26 Jan 2022 at 10:00AM GMT Hip Hop heavyweight 50 Cent, has...",
                            params: {},
                        },
                        "DTEND": Property {
                            key: "DTEND",
                            val: "20220610",
                            params: {
                                "VALUE": Parameter {
                                    key: "VALUE",
                                    val: "DATE",
                                },
                            },
                        },
                        "DTSTART": Property {
                            key: "DTSTART",
                            val: "20220610",
                            params: {
                                "VALUE": Parameter {
                                    key: "VALUE",
                                    val: "DATE",
                                },
                            },
                        },
                        "SUMMARY": Property {
                            key: "SUMMARY",
                            val: "50 Cent",
                            params: {},
                        },
                    },
                    multi_properties: [],
                },
            },
        ),
    ],
}
