---
source: src/event_store.rs
expression: calendar_built_from_events
---
Calendar {
    properties: [
        Property {
            key: "VERSION",
            val: "2.0",
            params: {},
        },
        Property {
            key: "PRODID",
            val: "ICALENDAR-RS",
            params: {},
        },
        Property {
            key: "CALSCALE",
            val: "GREGORIAN",
            params: {},
        },
    ],
    components: [
        Event(
            Event {
                inner: InnerComponent {
                    properties: {
                        "DESCRIPTION": Property {
                            key: "DESCRIPTION",
                            val: "Experience Taylor Swift's spectacular Eras Tour at Wembley Stadium. This incredible show spans her entire career.\n\nhttps://www.ticketmaster.co.uk/taylor-swift-the-eras-tour-london-23-06-2024/event/1F005E6DD3265C6B",
                            params: {},
                        },
                        "DTEND": Property {
                            key: "DTEND",
                            val: "20240623",
                            params: {
                                "VALUE": Parameter {
                                    key: "VALUE",
                                    val: "DATE",
                                },
                            },
                        },
                        "DTSTART": Property {
                            key: "DTSTART",
                            val: "20240623",
                            params: {
                                "VALUE": Parameter {
                                    key: "VALUE",
                                    val: "DATE",
                                },
                            },
                        },
                        "SUMMARY": Property {
                            key: "SUMMARY",
                            val: "Taylor Swift | The Eras Tour",
                            params: {},
                        },
                    },
                    multi_properties: {},
                    components: [],
                },
            },
        ),
        Event(
            Event {
                inner: InnerComponent {
                    properties: {
                        "DESCRIPTION": Property {
                            key: "DESCRIPTION",
                            val: "Ed Sheeran live at Wembley Stadium\n\nhttps://www.ticketmaster.co.uk/ed-sheeran-london-25-07-2024/event/1F005E6DD3265C6C",
                            params: {},
                        },
                        "DTEND": Property {
                            key: "DTEND",
                            val: "20240725",
                            params: {
                                "VALUE": Parameter {
                                    key: "VALUE",
                                    val: "DATE",
                                },
                            },
                        },
                        "DTSTART": Property {
                            key: "DTSTART",
                            val: "20240725",
                            params: {
                                "VALUE": Parameter {
                                    key: "VALUE",
                                    val: "DATE",
                                },
                            },
                        },
                        "SUMMARY": Property {
                            key: "SUMMARY",
                            val: "Ed Sheeran",
                            params: {},
                        },
                    },
                    multi_properties: {},
                    components: [],
                },
            },
        ),
    ],
}
