---
source: src/event_store.rs
assertion_line: 123
expression: calendar_built_from_events

---
Calendar {
    properties: [],
    components: [
        Event(
            Event {
                inner: InnerComponent {
                    properties: {
                        "DESCRIPTION": Property {
                            key: "DESCRIPTION",
                            val: "Round of 16: 1A v 2C takes place on Saturday 26 June 2021. Kick off is at 8pm and parking restrictions will be in place until midnight.",
                            params: {},
                        },
                        "DTEND": Property {
                            key: "DTEND",
                            val: "20210626",
                            params: {
                                "VALUE": Parameter {
                                    key: "VALUE",
                                    val: "DATE",
                                },
                            },
                        },
                        "DTSTART": Property {
                            key: "DTSTART",
                            val: "20210626",
                            params: {
                                "VALUE": Parameter {
                                    key: "VALUE",
                                    val: "DATE",
                                },
                            },
                        },
                        "SUMMARY": Property {
                            key: "SUMMARY",
                            val: "Wembley Stadium event - Round of 16: Italy v Austria",
                            params: {},
                        },
                    },
                    multi_properties: [],
                },
            },
        ),
        Event(
            Event {
                inner: InnerComponent {
                    properties: {
                        "DESCRIPTION": Property {
                            key: "DESCRIPTION",
                            val: "Round of 16: 1D v 2F takes place on Tuesday 29 June 2021. Kick off is at 5pm and parking restrictions will be in place until midnight.",
                            params: {},
                        },
                        "DTEND": Property {
                            key: "DTEND",
                            val: "20210629",
                            params: {
                                "VALUE": Parameter {
                                    key: "VALUE",
                                    val: "DATE",
                                },
                            },
                        },
                        "DTSTART": Property {
                            key: "DTSTART",
                            val: "20210629",
                            params: {
                                "VALUE": Parameter {
                                    key: "VALUE",
                                    val: "DATE",
                                },
                            },
                        },
                        "SUMMARY": Property {
                            key: "SUMMARY",
                            val: "Wembley Stadium event - Round of 16: England v Germany",
                            params: {},
                        },
                    },
                    multi_properties: [],
                },
            },
        ),
        Event(
            Event {
                inner: InnerComponent {
                    properties: {
                        "DESCRIPTION": Property {
                            key: "DESCRIPTION",
                            val: "The first semi-final between Italy and Spain takes place on Tuesday 6 July 2021. Kick off is 8pm and parking restrictions will be in place until midnight.",
                            params: {},
                        },
                        "DTEND": Property {
                            key: "DTEND",
                            val: "20210706",
                            params: {
                                "VALUE": Parameter {
                                    key: "VALUE",
                                    val: "DATE",
                                },
                            },
                        },
                        "DTSTART": Property {
                            key: "DTSTART",
                            val: "20210706",
                            params: {
                                "VALUE": Parameter {
                                    key: "VALUE",
                                    val: "DATE",
                                },
                            },
                        },
                        "SUMMARY": Property {
                            key: "SUMMARY",
                            val: "Wembley Stadium event - UEFA Euro 2020: Italy v Spain",
                            params: {},
                        },
                    },
                    multi_properties: [],
                },
            },
        ),
        Event(
            Event {
                inner: InnerComponent {
                    properties: {
                        "DESCRIPTION": Property {
                            key: "DESCRIPTION",
                            val: "The second semi-final between England and Denmark takes place on Wednesday 7 July 2021. Kick off is 8pm and parking restrictions will be in place until midnight.",
                            params: {},
                        },
                        "DTEND": Property {
                            key: "DTEND",
                            val: "20210707",
                            params: {
                                "VALUE": Parameter {
                                    key: "VALUE",
                                    val: "DATE",
                                },
                            },
                        },
                        "DTSTART": Property {
                            key: "DTSTART",
                            val: "20210707",
                            params: {
                                "VALUE": Parameter {
                                    key: "VALUE",
                                    val: "DATE",
                                },
                            },
                        },
                        "SUMMARY": Property {
                            key: "SUMMARY",
                            val: "Wembley Stadium event - UEFA Euro 2020: England v Denmark",
                            params: {},
                        },
                    },
                    multi_properties: [],
                },
            },
        ),
        Event(
            Event {
                inner: InnerComponent {
                    properties: {
                        "DESCRIPTION": Property {
                            key: "DESCRIPTION",
                            val: "The Betfred Challenge Cup Final between Castleford Tigers and St Helens will take place on Saturday 17 July 2021 at Wembley Stadium. Event day parking restrictions will be in place until midnight.",
                            params: {},
                        },
                        "DTEND": Property {
                            key: "DTEND",
                            val: "20210717",
                            params: {
                                "VALUE": Parameter {
                                    key: "VALUE",
                                    val: "DATE",
                                },
                            },
                        },
                        "DTSTART": Property {
                            key: "DTSTART",
                            val: "20210717",
                            params: {
                                "VALUE": Parameter {
                                    key: "VALUE",
                                    val: "DATE",
                                },
                            },
                        },
                        "SUMMARY": Property {
                            key: "SUMMARY",
                            val: "Wembley Stadium event - The Betfred Challenge Cup Final between Castleford Tigers and St Helens",
                            params: {},
                        },
                    },
                    multi_properties: [],
                },
            },
        ),
        Event(
            Event {
                inner: InnerComponent {
                    properties: {
                        "DESCRIPTION": Property {
                            key: "DESCRIPTION",
                            val: "The FA community shield supported by McDonald's: Manchester City v Leicester City",
                            params: {},
                        },
                        "DTEND": Property {
                            key: "DTEND",
                            val: "20210807",
                            params: {
                                "VALUE": Parameter {
                                    key: "VALUE",
                                    val: "DATE",
                                },
                            },
                        },
                        "DTSTART": Property {
                            key: "DTSTART",
                            val: "20210807",
                            params: {
                                "VALUE": Parameter {
                                    key: "VALUE",
                                    val: "DATE",
                                },
                            },
                        },
                        "SUMMARY": Property {
                            key: "SUMMARY",
                            val: "The FA community shield supported by McDonald's",
                            params: {},
                        },
                    },
                    multi_properties: [],
                },
            },
        ),
        Event(
            Event {
                inner: InnerComponent {
                    properties: {
                        "DESCRIPTION": Property {
                            key: "DESCRIPTION",
                            val: "The women's FA cup final takes place on Sunday 5 December 2021. Event day parking restrictions will be in place until midnight.",
                            params: {},
                        },
                        "DTEND": Property {
                            key: "DTEND",
                            val: "20211205",
                            params: {
                                "VALUE": Parameter {
                                    key: "VALUE",
                                    val: "DATE",
                                },
                            },
                        },
                        "DTSTART": Property {
                            key: "DTSTART",
                            val: "20211205",
                            params: {
                                "VALUE": Parameter {
                                    key: "VALUE",
                                    val: "DATE",
                                },
                            },
                        },
                        "SUMMARY": Property {
                            key: "SUMMARY",
                            val: "Wembley Stadium event - The women's FA cup final",
                            params: {},
                        },
                    },
                    multi_properties: [],
                },
            },
        ),
    ],
}
